..\venv\Scripts\python.exe : C:\UNIVERSITY\HACKATHONS\HackData\me
diconnect-pakistan\backend\app\services\gemini_service.py:5: 
FutureWarning: 
At line:1 char:1
+ ..\venv\Scripts\python.exe test_symptoms_v2.py > 
test_output.txt 2>&1
+ ~~~~~~~~~~~~~~~~~~~~~~~~~~~~~~~~~~~~~~~~~~~~~~~~~~~~~~~~~~~~~~~
~~~~~~
    + CategoryInfo          : NotSpecified: (C:\UNIVERSITY\H...F 
   utureWarning: :String) [], RemoteException
    + FullyQualifiedErrorId : NativeCommandError
 

All support for the `google.generativeai` package has ended. It 
will no longer be receiving 
updates or bug fixes. Please switch to the `google.genai` 
package as soon as possible.
See README for more details:

https://github.com/google-gemini/deprecated-generative-ai-python/
blob/main/README.md

  import google.generativeai as genai
DEBUG SYMPTOMS RESPONSE: {"specialist": "ENT", "urgency": "soon", "reason": "You are experiencing throat pain."}
FINAL_RESULT_START
{'specialist': 'ENT', 'urgency': 'soon', 'reason': 'You are experiencing throat pain.'}
FINAL_RESULT_END
